// Vitest Snapshot v1, https://vitest.dev/guide/snapshot.html

exports[`Pruebas en MovieItem component > Debe de renderizar el componente correctamente 1`] = `
"<div class="absolute z-10 bottom-0 top-0 w-full h-full bg-gradient-to-b from-transparent from-40% via-[#151836]/50 to-[#151836]/80"></div>
<div class="absolute left-0 top-0 bottom-0 w-full h-full group-hover:scale-110 transition-scale duration-1000 ease-in-out opacity-90 bg-blend-luminosity bg-center bg-cover bg-no-repeat -z-10 animate-pulse bg-slate-500 transition-all" style=""></div>
<div class="relative group-hover:cursor-pointer select-none flex flex-col gap-1 p-6 text-lg z-20 justify-end h-full">
  <h2 class="text-sm font-semibold line-clamp-2 text-balance text-white mb-4 uppercase" id="title">Spiderman</h2>
  <h3 class="text-xs line-clamp-2 font-semibold text-sky-200/80 -mt-4 mb-4 sm:mb-0" id="overview">Spiderman overview</h3>
</div>"
`;
